moving_square:
moving_square_0: .byte %00000000, %01111110, %01100110, %01011010, %01011010, %01100110, %01111110, %00000000
moving_square_1: .byte %00000000, %00000000, %01111110, %01100110, %01011010, %01011010, %01100110, %01111110
moving_square_2: .byte %01111110, %00000000, %00000000, %01111110, %01100110, %01011010, %01011010, %01100110
moving_square_3: .byte %01100110, %01111110, %00000000, %00000000, %01111110, %01100110, %01011010, %01011010
moving_square_4: .byte %01011010, %01100110, %01111110, %00000000, %00000000, %01111110, %01100110, %01011010
moving_square_5: .byte %01011010, %01011010, %01100110, %01111110, %00000000, %00000000, %01111110, %01100110
moving_square_6: .byte %01100110, %01011010, %01011010, %01100110, %01111110, %00000000, %00000000, %01111110
moving_square_7: .byte %01111110, %01100110, %01011010, %01011010, %01100110, %01111110, %00000000, %00000000
