single_frame:
single_frame_0: .byte %00111100, %01000010, %10100001, %10000101, %10000101, %10100001, %01000010, %00111100
